// Jest Snapshot v1, https://goo.gl/fbAQLP

exports[`Main Should match the snapshot when finished loading 1`] = `
ShallowWrapper {
  Symbol(enzyme.__root__): [Circular],
  Symbol(enzyme.__unrendered__): <Main
    category="vehicles"
    handleStoreData={
      [MockFunction] {
        "calls": Array [
          Array [
            "vehicles",
            Array [
              Object {
                "homeworld": "Tatooine",
                "name": "Luke",
                "species": "Human",
              },
              Object {
                "homeworld": "Tatooine",
                "name": "R2-D2",
                "species": "droid",
              },
            ],
          ],
        ],
        "results": Array [
          Object {
            "isThrow": false,
            "value": undefined,
          },
        ],
      }
    }
    returnToLanding={[MockFunction]}
    setError={[MockFunction]}
  />,
  Symbol(enzyme.__renderer__): Object {
    "batchedUpdates": [Function],
    "getNode": [Function],
    "render": [Function],
    "simulateError": [Function],
    "simulateEvent": [Function],
    "unmount": [Function],
  },
  Symbol(enzyme.__node__): Object {
    "instance": null,
    "key": undefined,
    "nodeType": "host",
    "props": Object {
      "children": Array [
        <div
          className="header-container"
        >
          <Link
            replace={false}
            to="/menu"
          >
            <div
              className="continue-to-site-btn back-rings"
              role="presentation"
            >
              <img
                alt="ring"
                className="outerring ring"
                src="./images/outerring.svg"
              />
              <img
                alt="ring"
                className="middlering ring"
                src="./images/outerring.svg"
              />
              <img
                alt="ring"
                className="innerring ring"
                src="./images/outerring.svg"
              />
            </div>
          </Link>
          <h1
            className="main-header"
          >
            vehicles
          </h1>
        </div>,
        <section
          className="card-section"
        >
          <Card
            cardData={
              Object {
                "homeworld": "Tatooine",
                "name": "Luke",
                "species": "Human",
              }
            }
            cardType=""
            handleStoreData={
              [MockFunction] {
                "calls": Array [
                  Array [
                    "vehicles",
                    Array [
                      Object {
                        "homeworld": "Tatooine",
                        "name": "Luke",
                        "species": "Human",
                      },
                      Object {
                        "homeworld": "Tatooine",
                        "name": "R2-D2",
                        "species": "droid",
                      },
                    ],
                  ],
                ],
                "results": Array [
                  Object {
                    "isThrow": false,
                    "value": undefined,
                  },
                ],
              }
            }
          />
          <Card
            cardData={
              Object {
                "homeworld": "Tatooine",
                "name": "R2-D2",
                "species": "droid",
              }
            }
            cardType=""
            handleStoreData={
              [MockFunction] {
                "calls": Array [
                  Array [
                    "vehicles",
                    Array [
                      Object {
                        "homeworld": "Tatooine",
                        "name": "Luke",
                        "species": "Human",
                      },
                      Object {
                        "homeworld": "Tatooine",
                        "name": "R2-D2",
                        "species": "droid",
                      },
                    ],
                  ],
                ],
                "results": Array [
                  Object {
                    "isThrow": false,
                    "value": undefined,
                  },
                ],
              }
            }
          />
        </section>,
        <Link
          replace={false}
          to="/"
        >
          <img
            alt="Landing Btn"
            className="return-to-landing-btn"
            onClick={[Function]}
            role="presentation"
            src="./images/millenium_color.png"
          />
        </Link>,
      ],
      "className": "main",
    },
    "ref": null,
    "rendered": Array [
      Object {
        "instance": null,
        "key": undefined,
        "nodeType": "host",
        "props": Object {
          "children": Array [
            <Link
              replace={false}
              to="/menu"
            >
              <div
                className="continue-to-site-btn back-rings"
                role="presentation"
              >
                <img
                  alt="ring"
                  className="outerring ring"
                  src="./images/outerring.svg"
                />
                <img
                  alt="ring"
                  className="middlering ring"
                  src="./images/outerring.svg"
                />
                <img
                  alt="ring"
                  className="innerring ring"
                  src="./images/outerring.svg"
                />
              </div>
            </Link>,
            <h1
              className="main-header"
            >
              vehicles
            </h1>,
          ],
          "className": "header-container",
        },
        "ref": null,
        "rendered": Array [
          Object {
            "instance": null,
            "key": undefined,
            "nodeType": "class",
            "props": Object {
              "children": <div
                className="continue-to-site-btn back-rings"
                role="presentation"
              >
                <img
                  alt="ring"
                  className="outerring ring"
                  src="./images/outerring.svg"
                />
                <img
                  alt="ring"
                  className="middlering ring"
                  src="./images/outerring.svg"
                />
                <img
                  alt="ring"
                  className="innerring ring"
                  src="./images/outerring.svg"
                />
              </div>,
              "replace": false,
              "to": "/menu",
            },
            "ref": null,
            "rendered": Object {
              "instance": null,
              "key": undefined,
              "nodeType": "host",
              "props": Object {
                "children": Array [
                  <img
                    alt="ring"
                    className="outerring ring"
                    src="./images/outerring.svg"
                  />,
                  <img
                    alt="ring"
                    className="middlering ring"
                    src="./images/outerring.svg"
                  />,
                  <img
                    alt="ring"
                    className="innerring ring"
                    src="./images/outerring.svg"
                  />,
                ],
                "className": "continue-to-site-btn back-rings",
                "role": "presentation",
              },
              "ref": null,
              "rendered": Array [
                Object {
                  "instance": null,
                  "key": undefined,
                  "nodeType": "host",
                  "props": Object {
                    "alt": "ring",
                    "className": "outerring ring",
                    "src": "./images/outerring.svg",
                  },
                  "ref": null,
                  "rendered": null,
                  "type": "img",
                },
                Object {
                  "instance": null,
                  "key": undefined,
                  "nodeType": "host",
                  "props": Object {
                    "alt": "ring",
                    "className": "middlering ring",
                    "src": "./images/outerring.svg",
                  },
                  "ref": null,
                  "rendered": null,
                  "type": "img",
                },
                Object {
                  "instance": null,
                  "key": undefined,
                  "nodeType": "host",
                  "props": Object {
                    "alt": "ring",
                    "className": "innerring ring",
                    "src": "./images/outerring.svg",
                  },
                  "ref": null,
                  "rendered": null,
                  "type": "img",
                },
              ],
              "type": "div",
            },
            "type": [Function],
          },
          Object {
            "instance": null,
            "key": undefined,
            "nodeType": "host",
            "props": Object {
              "children": "vehicles",
              "className": "main-header",
            },
            "ref": null,
            "rendered": "vehicles",
            "type": "h1",
          },
        ],
        "type": "div",
      },
      Object {
        "instance": null,
        "key": undefined,
        "nodeType": "host",
        "props": Object {
          "children": Array [
            <Card
              cardData={
                Object {
                  "homeworld": "Tatooine",
                  "name": "Luke",
                  "species": "Human",
                }
              }
              cardType=""
              handleStoreData={
                [MockFunction] {
                  "calls": Array [
                    Array [
                      "vehicles",
                      Array [
                        Object {
                          "homeworld": "Tatooine",
                          "name": "Luke",
                          "species": "Human",
                        },
                        Object {
                          "homeworld": "Tatooine",
                          "name": "R2-D2",
                          "species": "droid",
                        },
                      ],
                    ],
                  ],
                  "results": Array [
                    Object {
                      "isThrow": false,
                      "value": undefined,
                    },
                  ],
                }
              }
            />,
            <Card
              cardData={
                Object {
                  "homeworld": "Tatooine",
                  "name": "R2-D2",
                  "species": "droid",
                }
              }
              cardType=""
              handleStoreData={
                [MockFunction] {
                  "calls": Array [
                    Array [
                      "vehicles",
                      Array [
                        Object {
                          "homeworld": "Tatooine",
                          "name": "Luke",
                          "species": "Human",
                        },
                        Object {
                          "homeworld": "Tatooine",
                          "name": "R2-D2",
                          "species": "droid",
                        },
                      ],
                    ],
                  ],
                  "results": Array [
                    Object {
                      "isThrow": false,
                      "value": undefined,
                    },
                  ],
                }
              }
            />,
          ],
          "className": "card-section",
        },
        "ref": null,
        "rendered": Array [
          Object {
            "instance": null,
            "key": "uid1",
            "nodeType": "class",
            "props": Object {
              "cardData": Object {
                "homeworld": "Tatooine",
                "name": "Luke",
                "species": "Human",
              },
              "cardType": "",
              "handleStoreData": [MockFunction] {
                "calls": Array [
                  Array [
                    "vehicles",
                    Array [
                      Object {
                        "homeworld": "Tatooine",
                        "name": "Luke",
                        "species": "Human",
                      },
                      Object {
                        "homeworld": "Tatooine",
                        "name": "R2-D2",
                        "species": "droid",
                      },
                    ],
                  ],
                ],
                "results": Array [
                  Object {
                    "isThrow": false,
                    "value": undefined,
                  },
                ],
              },
            },
            "ref": null,
            "rendered": null,
            "type": [Function],
          },
          Object {
            "instance": null,
            "key": "uid2",
            "nodeType": "class",
            "props": Object {
              "cardData": Object {
                "homeworld": "Tatooine",
                "name": "R2-D2",
                "species": "droid",
              },
              "cardType": "",
              "handleStoreData": [MockFunction] {
                "calls": Array [
                  Array [
                    "vehicles",
                    Array [
                      Object {
                        "homeworld": "Tatooine",
                        "name": "Luke",
                        "species": "Human",
                      },
                      Object {
                        "homeworld": "Tatooine",
                        "name": "R2-D2",
                        "species": "droid",
                      },
                    ],
                  ],
                ],
                "results": Array [
                  Object {
                    "isThrow": false,
                    "value": undefined,
                  },
                ],
              },
            },
            "ref": null,
            "rendered": null,
            "type": [Function],
          },
        ],
        "type": "section",
      },
      Object {
        "instance": null,
        "key": undefined,
        "nodeType": "class",
        "props": Object {
          "children": <img
            alt="Landing Btn"
            className="return-to-landing-btn"
            onClick={[Function]}
            role="presentation"
            src="./images/millenium_color.png"
          />,
          "replace": false,
          "to": "/",
        },
        "ref": null,
        "rendered": Object {
          "instance": null,
          "key": undefined,
          "nodeType": "host",
          "props": Object {
            "alt": "Landing Btn",
            "className": "return-to-landing-btn",
            "onClick": [Function],
            "role": "presentation",
            "src": "./images/millenium_color.png",
          },
          "ref": null,
          "rendered": null,
          "type": "img",
        },
        "type": [Function],
      },
    ],
    "type": "main",
  },
  Symbol(enzyme.__nodes__): Array [
    Object {
      "instance": null,
      "key": undefined,
      "nodeType": "host",
      "props": Object {
        "children": Array [
          <div
            className="header-container"
          >
            <Link
              replace={false}
              to="/menu"
            >
              <div
                className="continue-to-site-btn back-rings"
                role="presentation"
              >
                <img
                  alt="ring"
                  className="outerring ring"
                  src="./images/outerring.svg"
                />
                <img
                  alt="ring"
                  className="middlering ring"
                  src="./images/outerring.svg"
                />
                <img
                  alt="ring"
                  className="innerring ring"
                  src="./images/outerring.svg"
                />
              </div>
            </Link>
            <h1
              className="main-header"
            >
              vehicles
            </h1>
          </div>,
          <section
            className="card-section"
          >
            <Card
              cardData={
                Object {
                  "homeworld": "Tatooine",
                  "name": "Luke",
                  "species": "Human",
                }
              }
              cardType=""
              handleStoreData={
                [MockFunction] {
                  "calls": Array [
                    Array [
                      "vehicles",
                      Array [
                        Object {
                          "homeworld": "Tatooine",
                          "name": "Luke",
                          "species": "Human",
                        },
                        Object {
                          "homeworld": "Tatooine",
                          "name": "R2-D2",
                          "species": "droid",
                        },
                      ],
                    ],
                  ],
                  "results": Array [
                    Object {
                      "isThrow": false,
                      "value": undefined,
                    },
                  ],
                }
              }
            />
            <Card
              cardData={
                Object {
                  "homeworld": "Tatooine",
                  "name": "R2-D2",
                  "species": "droid",
                }
              }
              cardType=""
              handleStoreData={
                [MockFunction] {
                  "calls": Array [
                    Array [
                      "vehicles",
                      Array [
                        Object {
                          "homeworld": "Tatooine",
                          "name": "Luke",
                          "species": "Human",
                        },
                        Object {
                          "homeworld": "Tatooine",
                          "name": "R2-D2",
                          "species": "droid",
                        },
                      ],
                    ],
                  ],
                  "results": Array [
                    Object {
                      "isThrow": false,
                      "value": undefined,
                    },
                  ],
                }
              }
            />
          </section>,
          <Link
            replace={false}
            to="/"
          >
            <img
              alt="Landing Btn"
              className="return-to-landing-btn"
              onClick={[Function]}
              role="presentation"
              src="./images/millenium_color.png"
            />
          </Link>,
        ],
        "className": "main",
      },
      "ref": null,
      "rendered": Array [
        Object {
          "instance": null,
          "key": undefined,
          "nodeType": "host",
          "props": Object {
            "children": Array [
              <Link
                replace={false}
                to="/menu"
              >
                <div
                  className="continue-to-site-btn back-rings"
                  role="presentation"
                >
                  <img
                    alt="ring"
                    className="outerring ring"
                    src="./images/outerring.svg"
                  />
                  <img
                    alt="ring"
                    className="middlering ring"
                    src="./images/outerring.svg"
                  />
                  <img
                    alt="ring"
                    className="innerring ring"
                    src="./images/outerring.svg"
                  />
                </div>
              </Link>,
              <h1
                className="main-header"
              >
                vehicles
              </h1>,
            ],
            "className": "header-container",
          },
          "ref": null,
          "rendered": Array [
            Object {
              "instance": null,
              "key": undefined,
              "nodeType": "class",
              "props": Object {
                "children": <div
                  className="continue-to-site-btn back-rings"
                  role="presentation"
                >
                  <img
                    alt="ring"
                    className="outerring ring"
                    src="./images/outerring.svg"
                  />
                  <img
                    alt="ring"
                    className="middlering ring"
                    src="./images/outerring.svg"
                  />
                  <img
                    alt="ring"
                    className="innerring ring"
                    src="./images/outerring.svg"
                  />
                </div>,
                "replace": false,
                "to": "/menu",
              },
              "ref": null,
              "rendered": Object {
                "instance": null,
                "key": undefined,
                "nodeType": "host",
                "props": Object {
                  "children": Array [
                    <img
                      alt="ring"
                      className="outerring ring"
                      src="./images/outerring.svg"
                    />,
                    <img
                      alt="ring"
                      className="middlering ring"
                      src="./images/outerring.svg"
                    />,
                    <img
                      alt="ring"
                      className="innerring ring"
                      src="./images/outerring.svg"
                    />,
                  ],
                  "className": "continue-to-site-btn back-rings",
                  "role": "presentation",
                },
                "ref": null,
                "rendered": Array [
                  Object {
                    "instance": null,
                    "key": undefined,
                    "nodeType": "host",
                    "props": Object {
                      "alt": "ring",
                      "className": "outerring ring",
                      "src": "./images/outerring.svg",
                    },
                    "ref": null,
                    "rendered": null,
                    "type": "img",
                  },
                  Object {
                    "instance": null,
                    "key": undefined,
                    "nodeType": "host",
                    "props": Object {
                      "alt": "ring",
                      "className": "middlering ring",
                      "src": "./images/outerring.svg",
                    },
                    "ref": null,
                    "rendered": null,
                    "type": "img",
                  },
                  Object {
                    "instance": null,
                    "key": undefined,
                    "nodeType": "host",
                    "props": Object {
                      "alt": "ring",
                      "className": "innerring ring",
                      "src": "./images/outerring.svg",
                    },
                    "ref": null,
                    "rendered": null,
                    "type": "img",
                  },
                ],
                "type": "div",
              },
              "type": [Function],
            },
            Object {
              "instance": null,
              "key": undefined,
              "nodeType": "host",
              "props": Object {
                "children": "vehicles",
                "className": "main-header",
              },
              "ref": null,
              "rendered": "vehicles",
              "type": "h1",
            },
          ],
          "type": "div",
        },
        Object {
          "instance": null,
          "key": undefined,
          "nodeType": "host",
          "props": Object {
            "children": Array [
              <Card
                cardData={
                  Object {
                    "homeworld": "Tatooine",
                    "name": "Luke",
                    "species": "Human",
                  }
                }
                cardType=""
                handleStoreData={
                  [MockFunction] {
                    "calls": Array [
                      Array [
                        "vehicles",
                        Array [
                          Object {
                            "homeworld": "Tatooine",
                            "name": "Luke",
                            "species": "Human",
                          },
                          Object {
                            "homeworld": "Tatooine",
                            "name": "R2-D2",
                            "species": "droid",
                          },
                        ],
                      ],
                    ],
                    "results": Array [
                      Object {
                        "isThrow": false,
                        "value": undefined,
                      },
                    ],
                  }
                }
              />,
              <Card
                cardData={
                  Object {
                    "homeworld": "Tatooine",
                    "name": "R2-D2",
                    "species": "droid",
                  }
                }
                cardType=""
                handleStoreData={
                  [MockFunction] {
                    "calls": Array [
                      Array [
                        "vehicles",
                        Array [
                          Object {
                            "homeworld": "Tatooine",
                            "name": "Luke",
                            "species": "Human",
                          },
                          Object {
                            "homeworld": "Tatooine",
                            "name": "R2-D2",
                            "species": "droid",
                          },
                        ],
                      ],
                    ],
                    "results": Array [
                      Object {
                        "isThrow": false,
                        "value": undefined,
                      },
                    ],
                  }
                }
              />,
            ],
            "className": "card-section",
          },
          "ref": null,
          "rendered": Array [
            Object {
              "instance": null,
              "key": "uid1",
              "nodeType": "class",
              "props": Object {
                "cardData": Object {
                  "homeworld": "Tatooine",
                  "name": "Luke",
                  "species": "Human",
                },
                "cardType": "",
                "handleStoreData": [MockFunction] {
                  "calls": Array [
                    Array [
                      "vehicles",
                      Array [
                        Object {
                          "homeworld": "Tatooine",
                          "name": "Luke",
                          "species": "Human",
                        },
                        Object {
                          "homeworld": "Tatooine",
                          "name": "R2-D2",
                          "species": "droid",
                        },
                      ],
                    ],
                  ],
                  "results": Array [
                    Object {
                      "isThrow": false,
                      "value": undefined,
                    },
                  ],
                },
              },
              "ref": null,
              "rendered": null,
              "type": [Function],
            },
            Object {
              "instance": null,
              "key": "uid2",
              "nodeType": "class",
              "props": Object {
                "cardData": Object {
                  "homeworld": "Tatooine",
                  "name": "R2-D2",
                  "species": "droid",
                },
                "cardType": "",
                "handleStoreData": [MockFunction] {
                  "calls": Array [
                    Array [
                      "vehicles",
                      Array [
                        Object {
                          "homeworld": "Tatooine",
                          "name": "Luke",
                          "species": "Human",
                        },
                        Object {
                          "homeworld": "Tatooine",
                          "name": "R2-D2",
                          "species": "droid",
                        },
                      ],
                    ],
                  ],
                  "results": Array [
                    Object {
                      "isThrow": false,
                      "value": undefined,
                    },
                  ],
                },
              },
              "ref": null,
              "rendered": null,
              "type": [Function],
            },
          ],
          "type": "section",
        },
        Object {
          "instance": null,
          "key": undefined,
          "nodeType": "class",
          "props": Object {
            "children": <img
              alt="Landing Btn"
              className="return-to-landing-btn"
              onClick={[Function]}
              role="presentation"
              src="./images/millenium_color.png"
            />,
            "replace": false,
            "to": "/",
          },
          "ref": null,
          "rendered": Object {
            "instance": null,
            "key": undefined,
            "nodeType": "host",
            "props": Object {
              "alt": "Landing Btn",
              "className": "return-to-landing-btn",
              "onClick": [Function],
              "role": "presentation",
              "src": "./images/millenium_color.png",
            },
            "ref": null,
            "rendered": null,
            "type": "img",
          },
          "type": [Function],
        },
      ],
      "type": "main",
    },
  ],
  Symbol(enzyme.__options__): Object {
    "adapter": ReactSixteenAdapter {
      "options": Object {
        "enableComponentDidUpdateOnSetState": true,
        "lifecycles": Object {
          "componentDidUpdate": Object {
            "onSetState": true,
          },
          "getDerivedStateFromProps": true,
          "getSnapshotBeforeUpdate": true,
          "setState": Object {
            "skipsComponentDidUpdateOnNullish": true,
          },
        },
      },
    },
  },
}
`;

exports[`Main Should match the snapshot when loading 1`] = `
ShallowWrapper {
  Symbol(enzyme.__root__): [Circular],
  Symbol(enzyme.__unrendered__): <Main
    category="vehicles"
    handleStoreData={
      [MockFunction] {
        "calls": Array [
          Array [
            "vehicles",
            Array [
              Object {
                "homeworld": "Tatooine",
                "name": "Luke",
                "species": "Human",
              },
              Object {
                "homeworld": "Tatooine",
                "name": "R2-D2",
                "species": "droid",
              },
            ],
          ],
        ],
        "results": Array [
          Object {
            "isThrow": false,
            "value": undefined,
          },
        ],
      }
    }
    returnToLanding={[MockFunction]}
    setError={[MockFunction]}
  />,
  Symbol(enzyme.__renderer__): Object {
    "batchedUpdates": [Function],
    "getNode": [Function],
    "render": [Function],
    "simulateError": [Function],
    "simulateEvent": [Function],
    "unmount": [Function],
  },
  Symbol(enzyme.__node__): Object {
    "instance": null,
    "key": undefined,
    "nodeType": "host",
    "props": Object {
      "children": Array [
        <div
          className="header-container"
        >
          <Link
            replace={false}
            to="/menu"
          >
            <div
              className="continue-to-site-btn back-rings"
              role="presentation"
            >
              <img
                alt="ring"
                className="outerring ring"
                src="./images/outerring.svg"
              />
              <img
                alt="ring"
                className="middlering ring"
                src="./images/outerring.svg"
              />
              <img
                alt="ring"
                className="innerring ring"
                src="./images/outerring.svg"
              />
            </div>
          </Link>
          <h1
            className="main-header"
          >
            vehicles
          </h1>
        </div>,
        <section
          className="card-section"
        >
          <Card
            cardData={
              Object {
                "homeworld": "Tatooine",
                "name": "Luke",
                "species": "Human",
              }
            }
            cardType=""
            handleStoreData={
              [MockFunction] {
                "calls": Array [
                  Array [
                    "vehicles",
                    Array [
                      Object {
                        "homeworld": "Tatooine",
                        "name": "Luke",
                        "species": "Human",
                      },
                      Object {
                        "homeworld": "Tatooine",
                        "name": "R2-D2",
                        "species": "droid",
                      },
                    ],
                  ],
                ],
                "results": Array [
                  Object {
                    "isThrow": false,
                    "value": undefined,
                  },
                ],
              }
            }
          />
          <Card
            cardData={
              Object {
                "homeworld": "Tatooine",
                "name": "R2-D2",
                "species": "droid",
              }
            }
            cardType=""
            handleStoreData={
              [MockFunction] {
                "calls": Array [
                  Array [
                    "vehicles",
                    Array [
                      Object {
                        "homeworld": "Tatooine",
                        "name": "Luke",
                        "species": "Human",
                      },
                      Object {
                        "homeworld": "Tatooine",
                        "name": "R2-D2",
                        "species": "droid",
                      },
                    ],
                  ],
                ],
                "results": Array [
                  Object {
                    "isThrow": false,
                    "value": undefined,
                  },
                ],
              }
            }
          />
        </section>,
        <Link
          replace={false}
          to="/"
        >
          <img
            alt="Landing Btn"
            className="return-to-landing-btn"
            onClick={[Function]}
            role="presentation"
            src="./images/millenium_color.png"
          />
        </Link>,
      ],
      "className": "main",
    },
    "ref": null,
    "rendered": Array [
      Object {
        "instance": null,
        "key": undefined,
        "nodeType": "host",
        "props": Object {
          "children": Array [
            <Link
              replace={false}
              to="/menu"
            >
              <div
                className="continue-to-site-btn back-rings"
                role="presentation"
              >
                <img
                  alt="ring"
                  className="outerring ring"
                  src="./images/outerring.svg"
                />
                <img
                  alt="ring"
                  className="middlering ring"
                  src="./images/outerring.svg"
                />
                <img
                  alt="ring"
                  className="innerring ring"
                  src="./images/outerring.svg"
                />
              </div>
            </Link>,
            <h1
              className="main-header"
            >
              vehicles
            </h1>,
          ],
          "className": "header-container",
        },
        "ref": null,
        "rendered": Array [
          Object {
            "instance": null,
            "key": undefined,
            "nodeType": "class",
            "props": Object {
              "children": <div
                className="continue-to-site-btn back-rings"
                role="presentation"
              >
                <img
                  alt="ring"
                  className="outerring ring"
                  src="./images/outerring.svg"
                />
                <img
                  alt="ring"
                  className="middlering ring"
                  src="./images/outerring.svg"
                />
                <img
                  alt="ring"
                  className="innerring ring"
                  src="./images/outerring.svg"
                />
              </div>,
              "replace": false,
              "to": "/menu",
            },
            "ref": null,
            "rendered": Object {
              "instance": null,
              "key": undefined,
              "nodeType": "host",
              "props": Object {
                "children": Array [
                  <img
                    alt="ring"
                    className="outerring ring"
                    src="./images/outerring.svg"
                  />,
                  <img
                    alt="ring"
                    className="middlering ring"
                    src="./images/outerring.svg"
                  />,
                  <img
                    alt="ring"
                    className="innerring ring"
                    src="./images/outerring.svg"
                  />,
                ],
                "className": "continue-to-site-btn back-rings",
                "role": "presentation",
              },
              "ref": null,
              "rendered": Array [
                Object {
                  "instance": null,
                  "key": undefined,
                  "nodeType": "host",
                  "props": Object {
                    "alt": "ring",
                    "className": "outerring ring",
                    "src": "./images/outerring.svg",
                  },
                  "ref": null,
                  "rendered": null,
                  "type": "img",
                },
                Object {
                  "instance": null,
                  "key": undefined,
                  "nodeType": "host",
                  "props": Object {
                    "alt": "ring",
                    "className": "middlering ring",
                    "src": "./images/outerring.svg",
                  },
                  "ref": null,
                  "rendered": null,
                  "type": "img",
                },
                Object {
                  "instance": null,
                  "key": undefined,
                  "nodeType": "host",
                  "props": Object {
                    "alt": "ring",
                    "className": "innerring ring",
                    "src": "./images/outerring.svg",
                  },
                  "ref": null,
                  "rendered": null,
                  "type": "img",
                },
              ],
              "type": "div",
            },
            "type": [Function],
          },
          Object {
            "instance": null,
            "key": undefined,
            "nodeType": "host",
            "props": Object {
              "children": "vehicles",
              "className": "main-header",
            },
            "ref": null,
            "rendered": "vehicles",
            "type": "h1",
          },
        ],
        "type": "div",
      },
      Object {
        "instance": null,
        "key": undefined,
        "nodeType": "host",
        "props": Object {
          "children": Array [
            <Card
              cardData={
                Object {
                  "homeworld": "Tatooine",
                  "name": "Luke",
                  "species": "Human",
                }
              }
              cardType=""
              handleStoreData={
                [MockFunction] {
                  "calls": Array [
                    Array [
                      "vehicles",
                      Array [
                        Object {
                          "homeworld": "Tatooine",
                          "name": "Luke",
                          "species": "Human",
                        },
                        Object {
                          "homeworld": "Tatooine",
                          "name": "R2-D2",
                          "species": "droid",
                        },
                      ],
                    ],
                  ],
                  "results": Array [
                    Object {
                      "isThrow": false,
                      "value": undefined,
                    },
                  ],
                }
              }
            />,
            <Card
              cardData={
                Object {
                  "homeworld": "Tatooine",
                  "name": "R2-D2",
                  "species": "droid",
                }
              }
              cardType=""
              handleStoreData={
                [MockFunction] {
                  "calls": Array [
                    Array [
                      "vehicles",
                      Array [
                        Object {
                          "homeworld": "Tatooine",
                          "name": "Luke",
                          "species": "Human",
                        },
                        Object {
                          "homeworld": "Tatooine",
                          "name": "R2-D2",
                          "species": "droid",
                        },
                      ],
                    ],
                  ],
                  "results": Array [
                    Object {
                      "isThrow": false,
                      "value": undefined,
                    },
                  ],
                }
              }
            />,
          ],
          "className": "card-section",
        },
        "ref": null,
        "rendered": Array [
          Object {
            "instance": null,
            "key": "uid1",
            "nodeType": "class",
            "props": Object {
              "cardData": Object {
                "homeworld": "Tatooine",
                "name": "Luke",
                "species": "Human",
              },
              "cardType": "",
              "handleStoreData": [MockFunction] {
                "calls": Array [
                  Array [
                    "vehicles",
                    Array [
                      Object {
                        "homeworld": "Tatooine",
                        "name": "Luke",
                        "species": "Human",
                      },
                      Object {
                        "homeworld": "Tatooine",
                        "name": "R2-D2",
                        "species": "droid",
                      },
                    ],
                  ],
                ],
                "results": Array [
                  Object {
                    "isThrow": false,
                    "value": undefined,
                  },
                ],
              },
            },
            "ref": null,
            "rendered": null,
            "type": [Function],
          },
          Object {
            "instance": null,
            "key": "uid2",
            "nodeType": "class",
            "props": Object {
              "cardData": Object {
                "homeworld": "Tatooine",
                "name": "R2-D2",
                "species": "droid",
              },
              "cardType": "",
              "handleStoreData": [MockFunction] {
                "calls": Array [
                  Array [
                    "vehicles",
                    Array [
                      Object {
                        "homeworld": "Tatooine",
                        "name": "Luke",
                        "species": "Human",
                      },
                      Object {
                        "homeworld": "Tatooine",
                        "name": "R2-D2",
                        "species": "droid",
                      },
                    ],
                  ],
                ],
                "results": Array [
                  Object {
                    "isThrow": false,
                    "value": undefined,
                  },
                ],
              },
            },
            "ref": null,
            "rendered": null,
            "type": [Function],
          },
        ],
        "type": "section",
      },
      Object {
        "instance": null,
        "key": undefined,
        "nodeType": "class",
        "props": Object {
          "children": <img
            alt="Landing Btn"
            className="return-to-landing-btn"
            onClick={[Function]}
            role="presentation"
            src="./images/millenium_color.png"
          />,
          "replace": false,
          "to": "/",
        },
        "ref": null,
        "rendered": Object {
          "instance": null,
          "key": undefined,
          "nodeType": "host",
          "props": Object {
            "alt": "Landing Btn",
            "className": "return-to-landing-btn",
            "onClick": [Function],
            "role": "presentation",
            "src": "./images/millenium_color.png",
          },
          "ref": null,
          "rendered": null,
          "type": "img",
        },
        "type": [Function],
      },
    ],
    "type": "main",
  },
  Symbol(enzyme.__nodes__): Array [
    Object {
      "instance": null,
      "key": undefined,
      "nodeType": "host",
      "props": Object {
        "children": Array [
          <div
            className="header-container"
          >
            <Link
              replace={false}
              to="/menu"
            >
              <div
                className="continue-to-site-btn back-rings"
                role="presentation"
              >
                <img
                  alt="ring"
                  className="outerring ring"
                  src="./images/outerring.svg"
                />
                <img
                  alt="ring"
                  className="middlering ring"
                  src="./images/outerring.svg"
                />
                <img
                  alt="ring"
                  className="innerring ring"
                  src="./images/outerring.svg"
                />
              </div>
            </Link>
            <h1
              className="main-header"
            >
              vehicles
            </h1>
          </div>,
          <section
            className="card-section"
          >
            <Card
              cardData={
                Object {
                  "homeworld": "Tatooine",
                  "name": "Luke",
                  "species": "Human",
                }
              }
              cardType=""
              handleStoreData={
                [MockFunction] {
                  "calls": Array [
                    Array [
                      "vehicles",
                      Array [
                        Object {
                          "homeworld": "Tatooine",
                          "name": "Luke",
                          "species": "Human",
                        },
                        Object {
                          "homeworld": "Tatooine",
                          "name": "R2-D2",
                          "species": "droid",
                        },
                      ],
                    ],
                  ],
                  "results": Array [
                    Object {
                      "isThrow": false,
                      "value": undefined,
                    },
                  ],
                }
              }
            />
            <Card
              cardData={
                Object {
                  "homeworld": "Tatooine",
                  "name": "R2-D2",
                  "species": "droid",
                }
              }
              cardType=""
              handleStoreData={
                [MockFunction] {
                  "calls": Array [
                    Array [
                      "vehicles",
                      Array [
                        Object {
                          "homeworld": "Tatooine",
                          "name": "Luke",
                          "species": "Human",
                        },
                        Object {
                          "homeworld": "Tatooine",
                          "name": "R2-D2",
                          "species": "droid",
                        },
                      ],
                    ],
                  ],
                  "results": Array [
                    Object {
                      "isThrow": false,
                      "value": undefined,
                    },
                  ],
                }
              }
            />
          </section>,
          <Link
            replace={false}
            to="/"
          >
            <img
              alt="Landing Btn"
              className="return-to-landing-btn"
              onClick={[Function]}
              role="presentation"
              src="./images/millenium_color.png"
            />
          </Link>,
        ],
        "className": "main",
      },
      "ref": null,
      "rendered": Array [
        Object {
          "instance": null,
          "key": undefined,
          "nodeType": "host",
          "props": Object {
            "children": Array [
              <Link
                replace={false}
                to="/menu"
              >
                <div
                  className="continue-to-site-btn back-rings"
                  role="presentation"
                >
                  <img
                    alt="ring"
                    className="outerring ring"
                    src="./images/outerring.svg"
                  />
                  <img
                    alt="ring"
                    className="middlering ring"
                    src="./images/outerring.svg"
                  />
                  <img
                    alt="ring"
                    className="innerring ring"
                    src="./images/outerring.svg"
                  />
                </div>
              </Link>,
              <h1
                className="main-header"
              >
                vehicles
              </h1>,
            ],
            "className": "header-container",
          },
          "ref": null,
          "rendered": Array [
            Object {
              "instance": null,
              "key": undefined,
              "nodeType": "class",
              "props": Object {
                "children": <div
                  className="continue-to-site-btn back-rings"
                  role="presentation"
                >
                  <img
                    alt="ring"
                    className="outerring ring"
                    src="./images/outerring.svg"
                  />
                  <img
                    alt="ring"
                    className="middlering ring"
                    src="./images/outerring.svg"
                  />
                  <img
                    alt="ring"
                    className="innerring ring"
                    src="./images/outerring.svg"
                  />
                </div>,
                "replace": false,
                "to": "/menu",
              },
              "ref": null,
              "rendered": Object {
                "instance": null,
                "key": undefined,
                "nodeType": "host",
                "props": Object {
                  "children": Array [
                    <img
                      alt="ring"
                      className="outerring ring"
                      src="./images/outerring.svg"
                    />,
                    <img
                      alt="ring"
                      className="middlering ring"
                      src="./images/outerring.svg"
                    />,
                    <img
                      alt="ring"
                      className="innerring ring"
                      src="./images/outerring.svg"
                    />,
                  ],
                  "className": "continue-to-site-btn back-rings",
                  "role": "presentation",
                },
                "ref": null,
                "rendered": Array [
                  Object {
                    "instance": null,
                    "key": undefined,
                    "nodeType": "host",
                    "props": Object {
                      "alt": "ring",
                      "className": "outerring ring",
                      "src": "./images/outerring.svg",
                    },
                    "ref": null,
                    "rendered": null,
                    "type": "img",
                  },
                  Object {
                    "instance": null,
                    "key": undefined,
                    "nodeType": "host",
                    "props": Object {
                      "alt": "ring",
                      "className": "middlering ring",
                      "src": "./images/outerring.svg",
                    },
                    "ref": null,
                    "rendered": null,
                    "type": "img",
                  },
                  Object {
                    "instance": null,
                    "key": undefined,
                    "nodeType": "host",
                    "props": Object {
                      "alt": "ring",
                      "className": "innerring ring",
                      "src": "./images/outerring.svg",
                    },
                    "ref": null,
                    "rendered": null,
                    "type": "img",
                  },
                ],
                "type": "div",
              },
              "type": [Function],
            },
            Object {
              "instance": null,
              "key": undefined,
              "nodeType": "host",
              "props": Object {
                "children": "vehicles",
                "className": "main-header",
              },
              "ref": null,
              "rendered": "vehicles",
              "type": "h1",
            },
          ],
          "type": "div",
        },
        Object {
          "instance": null,
          "key": undefined,
          "nodeType": "host",
          "props": Object {
            "children": Array [
              <Card
                cardData={
                  Object {
                    "homeworld": "Tatooine",
                    "name": "Luke",
                    "species": "Human",
                  }
                }
                cardType=""
                handleStoreData={
                  [MockFunction] {
                    "calls": Array [
                      Array [
                        "vehicles",
                        Array [
                          Object {
                            "homeworld": "Tatooine",
                            "name": "Luke",
                            "species": "Human",
                          },
                          Object {
                            "homeworld": "Tatooine",
                            "name": "R2-D2",
                            "species": "droid",
                          },
                        ],
                      ],
                    ],
                    "results": Array [
                      Object {
                        "isThrow": false,
                        "value": undefined,
                      },
                    ],
                  }
                }
              />,
              <Card
                cardData={
                  Object {
                    "homeworld": "Tatooine",
                    "name": "R2-D2",
                    "species": "droid",
                  }
                }
                cardType=""
                handleStoreData={
                  [MockFunction] {
                    "calls": Array [
                      Array [
                        "vehicles",
                        Array [
                          Object {
                            "homeworld": "Tatooine",
                            "name": "Luke",
                            "species": "Human",
                          },
                          Object {
                            "homeworld": "Tatooine",
                            "name": "R2-D2",
                            "species": "droid",
                          },
                        ],
                      ],
                    ],
                    "results": Array [
                      Object {
                        "isThrow": false,
                        "value": undefined,
                      },
                    ],
                  }
                }
              />,
            ],
            "className": "card-section",
          },
          "ref": null,
          "rendered": Array [
            Object {
              "instance": null,
              "key": "uid1",
              "nodeType": "class",
              "props": Object {
                "cardData": Object {
                  "homeworld": "Tatooine",
                  "name": "Luke",
                  "species": "Human",
                },
                "cardType": "",
                "handleStoreData": [MockFunction] {
                  "calls": Array [
                    Array [
                      "vehicles",
                      Array [
                        Object {
                          "homeworld": "Tatooine",
                          "name": "Luke",
                          "species": "Human",
                        },
                        Object {
                          "homeworld": "Tatooine",
                          "name": "R2-D2",
                          "species": "droid",
                        },
                      ],
                    ],
                  ],
                  "results": Array [
                    Object {
                      "isThrow": false,
                      "value": undefined,
                    },
                  ],
                },
              },
              "ref": null,
              "rendered": null,
              "type": [Function],
            },
            Object {
              "instance": null,
              "key": "uid2",
              "nodeType": "class",
              "props": Object {
                "cardData": Object {
                  "homeworld": "Tatooine",
                  "name": "R2-D2",
                  "species": "droid",
                },
                "cardType": "",
                "handleStoreData": [MockFunction] {
                  "calls": Array [
                    Array [
                      "vehicles",
                      Array [
                        Object {
                          "homeworld": "Tatooine",
                          "name": "Luke",
                          "species": "Human",
                        },
                        Object {
                          "homeworld": "Tatooine",
                          "name": "R2-D2",
                          "species": "droid",
                        },
                      ],
                    ],
                  ],
                  "results": Array [
                    Object {
                      "isThrow": false,
                      "value": undefined,
                    },
                  ],
                },
              },
              "ref": null,
              "rendered": null,
              "type": [Function],
            },
          ],
          "type": "section",
        },
        Object {
          "instance": null,
          "key": undefined,
          "nodeType": "class",
          "props": Object {
            "children": <img
              alt="Landing Btn"
              className="return-to-landing-btn"
              onClick={[Function]}
              role="presentation"
              src="./images/millenium_color.png"
            />,
            "replace": false,
            "to": "/",
          },
          "ref": null,
          "rendered": Object {
            "instance": null,
            "key": undefined,
            "nodeType": "host",
            "props": Object {
              "alt": "Landing Btn",
              "className": "return-to-landing-btn",
              "onClick": [Function],
              "role": "presentation",
              "src": "./images/millenium_color.png",
            },
            "ref": null,
            "rendered": null,
            "type": "img",
          },
          "type": [Function],
        },
      ],
      "type": "main",
    },
  ],
  Symbol(enzyme.__options__): Object {
    "adapter": ReactSixteenAdapter {
      "options": Object {
        "enableComponentDidUpdateOnSetState": true,
        "lifecycles": Object {
          "componentDidUpdate": Object {
            "onSetState": true,
          },
          "getDerivedStateFromProps": true,
          "getSnapshotBeforeUpdate": true,
          "setState": Object {
            "skipsComponentDidUpdateOnNullish": true,
          },
        },
      },
    },
  },
}
`;
